// Jest Snapshot v1, https://goo.gl/fbAQLP

exports[`parse cpanfile 1`] = `
"requires 'CPAN::Meta', 2.12091;
requires 'CPAN::Meta::Prereqs', 2.12091;
requires 'parent';

recommends 'Pod::Usage';

on test => sub {
    requires 'Test::More', 0.88;
    requires 'File::pushd';
};
"
`;
